rate-limited (HTTP 500 Internal Server Error) on https://logs.zonian.dev/list?channel=jo2uke; backing off
Ingesting 236 pending days for #jo2uke (7tv emotes: 961 channel + 45 global)
[  1/236] 2026-8-14   3393 msgs    682.5/s  (1137 emotes, 8456 words so far)
[  2/236] 2026-8-13      8 msgs     16.8/s  (1137 emotes, 8456 words so far)
[  3/236] 2026-8-12   3443 msgs    491.1/s  (2201 emotes, 17272 words so far)
[  4/236] 2026-8-11      2 msgs      4.9/s  (2203 emotes, 17274 words so far)
[  5/236] 2026-8-10   3767 msgs    734.8/s  (3443 emotes, 26037 words so far)
[  6/236] 2026-8-8   3360 msgs    723.6/s  (4651 emotes, 33863 words so far)
[  7/236] 2026-8-7   2917 msgs    873.1/s  (5848 emotes, 41385 words so far)
[  8/236] 2026-8-4   2753 msgs    442.9/s  (6711 emotes, 48039 words so far)
[  9/236] 2026-7-31      2 msgs      3.6/s  (6713 emotes, 48041 words so far)
[ 10/236] 2026-7-29      4 msgs      6.6/s  (6714 emotes, 48042 words so far)
[ 11/236] 2026-7-28   3416 msgs    567.2/s  (7857 emotes, 57280 words so far)
[ 12/236] 2026-7-27   2807 msgs    752.8/s  (8811 emotes, 64863 words so far)
[ 13/236] 2026-7-26     19 msgs     24.3/s  (8822 emotes, 64905 words so far)
[ 14/236] 2026-7-24   3239 msgs    702.1/s  (10087 emotes, 73450 words so far)
[ 15/236] 2026-7-22   4049 msgs    698.6/s  (11625 emotes, 84252 words so far)
rate-limited (HTTP 500 Internal Server Error) on https://logs.zonian.dev/channel/jo2uke/2026/7/21?limit=1000&offset=1000&json; backing off
[ 16/236] 2026-7-21   2905 msgs    523.2/s  (12724 emotes, 91444 words so far)
[ 17/236] 2026-7-19      1 msgs      2.7/s  (12725 emotes, 91445 words so far)
[ 18/236] 2026-7-18   2726 msgs    275.0/s  (14283 emotes, 97729 words so far)
rate-limited (HTTP 500 Internal Server Error) on https://logs.zonian.dev/channel/jo2uke/2026/7/17?limit=1000&offset=3000&json; backing off
[ 19/236] 2026-7-17   3418 msgs    543.0/s  (15699 emotes, 105901 words so far)
[ 20/236] 2026-7-16      3 msgs      5.0/s  (15702 emotes, 105905 words so far)
[ 21/236] 2026-7-15   5637 msgs    645.9/s  (17711 emotes, 120983 words so far)
[ 22/236] 2026-7-14      5 msgs     10.4/s  (17715 emotes, 120997 words so far)
rate-limited (HTTP 500 Internal Server Error) on https://logs.zonian.dev/channel/jo2uke/2026/7/13?limit=1000&offset=2000&json; backing off
[ 23/236] 2026-7-13   4410 msgs    502.5/s  (19163 emotes, 132850 words so far)
[ 24/236] 2026-7-11      8 msgs     15.0/s  (19165 emotes, 132852 words so far)
[ 25/236] 2026-7-10   1939 msgs    563.5/s  (19936 emotes, 137985 words so far)
[ 26/236] 2026-7-7   3186 msgs    748.7/s  (21056 emotes, 145796 words so far)
[ 27/236] 2026-7-6   3121 msgs    762.3/s  (22273 emotes, 153247 words so far)
[ 28/236] 2026-7-5      2 msgs      1.9/s  (22273 emotes, 153247 words so far)
[ 29/236] 2026-7-3   2623 msgs    376.5/s  (23288 emotes, 160217 words so far)
[ 30/236] 2026-7-1   5781 msgs    390.9/s  (25567 emotes, 172062 words so far)
[ 31/236] 2026-6-30      2 msgs      1.4/s  (25569 emotes, 172064 words so far)
rate-limited (HTTP 500 Internal Server Error) on https://logs.zonian.dev/channel/jo2uke/2026/6/29?limit=1000&offset=1000&json; backing off
[ 32/236] 2026-6-29   2830 msgs    304.8/s  (26747 emotes, 178503 words so far)
[ 33/236] 2026-6-27   2648 msgs    514.7/s  (27858 emotes, 185372 words so far)
[ 34/236] 2026-6-26   5258 msgs    612.3/s  (29590 emotes, 198804 words so far)
rate-limited (HTTP 500 Internal Server Error) on https://logs.zonian.dev/channel/jo2uke/2026/6/24?limit=1000&offset=1000&json; backing off
[ 35/236] 2026-6-24   2633 msgs    342.8/s  (30712 emotes, 204691 words so far)
[ 36/236] 2026-6-23   3808 msgs    429.1/s  (32332 emotes, 215541 words so far)
[ 37/236] 2026-6-19   3086 msgs    656.7/s  (33593 emotes, 224016 words so far)
[ 38/236] 2026-6-18     84 msgs     39.4/s  (33648 emotes, 224167 words so far)
[ 39/236] 2026-6-17   5004 msgs    709.4/s  (35420 emotes, 237722 words so far)
[ 40/236] 2026-6-14   7871 msgs    646.4/s  (39118 emotes, 257196 words so far)
rate-limited (HTTP 500 Internal Server Error) on https://logs.zonian.dev/channel/jo2uke/2026/6/13?limit=1000&offset=9000&json; backing off
[ 41/236] 2026-6-13  18132 msgs    760.4/s  (45262 emotes, 297029 words so far)
[ 42/236] 2026-6-12     15 msgs     19.5/s  (45265 emotes, 297042 words so far)
[ 43/236] 2026-6-11     40 msgs     32.0/s  (45296 emotes, 297139 words so far)
[ 44/236] 2026-6-10   3582 msgs    471.5/s  (46748 emotes, 306084 words so far)
[ 45/236] 2026-6-9   4352 msgs    859.8/s  (48329 emotes, 317607 words so far)
[ 46/236] 2026-6-7      2 msgs      5.2/s  (48329 emotes, 317607 words so far)
[ 47/236] 2026-6-6     31 msgs     71.7/s  (48330 emotes, 317616 words so far)
[ 48/236] 2026-6-5   3758 msgs    631.8/s  (49777 emotes, 326507 words so far)
[ 49/236] 2026-6-4     19 msgs     22.9/s  (49780 emotes, 326512 words so far)
[ 50/236] 2026-6-3     15 msgs     37.8/s  (49780 emotes, 326514 words so far)
[ 51/236] 2026-6-2     43 msgs     62.8/s  (49782 emotes, 326518 words so far)
[ 52/236] 2026-6-1   3239 msgs    597.0/s  (50949 emotes, 335539 words so far)
[ 53/236] 2026-5-31     10 msgs     22.3/s  (50952 emotes, 335557 words so far)
[ 54/236] 2026-5-30      3 msgs      7.4/s  (50952 emotes, 335565 words so far)
[ 55/236] 2026-5-29   5243 msgs    612.8/s  (52868 emotes, 349462 words so far)
[ 56/236] 2026-5-27   3770 msgs    392.3/s  (54439 emotes, 359100 words so far)
[ 57/236] 2026-5-26      5 msgs      8.0/s  (54442 emotes, 359106 words so far)
[ 58/236] 2026-5-25   5069 msgs    472.9/s  (56727 emotes, 371679 words so far)
[ 59/236] 2026-5-24     64 msgs     44.6/s  (56741 emotes, 371758 words so far)
[ 60/236] 2026-5-23   2673 msgs    454.6/s  (57681 emotes, 378969 words so far)
[ 61/236] 2026-5-22   3895 msgs    741.6/s  (58896 emotes, 388572 words so far)
[ 62/236] 2026-5-17      2 msgs      2.6/s  (58896 emotes, 388578 words so far)
[ 63/236] 2026-5-15      7 msgs     11.1/s  (58896 emotes, 388578 words so far)
[ 64/236] 2026-5-11   5925 msgs    719.4/s  (61500 emotes, 401197 words so far)
[ 65/236] 2026-5-10      3 msgs      8.6/s  (61502 emotes, 401200 words so far)
[ 66/236] 2026-5-9   4640 msgs    573.1/s  (63463 emotes, 412053 words so far)
[ 67/236] 2026-5-8     57 msgs     62.3/s  (63470 emotes, 412062 words so far)
[ 68/236] 2026-5-7      2 msgs      4.8/s  (63472 emotes, 412064 words so far)
[ 69/236] 2026-5-6      2 msgs      3.5/s  (63472 emotes, 412064 words so far)
[ 70/236] 2026-5-5      4 msgs      5.0/s  (63474 emotes, 412068 words so far)
[ 71/236] 2026-5-2   2774 msgs    541.1/s  (64885 emotes, 418667 words so far)
[ 72/236] 2026-5-1   5400 msgs    683.4/s  (66688 emotes, 431444 words so far)
[ 73/236] 2026-4-30      2 msgs      1.9/s  (66690 emotes, 431446 words so far)
[ 74/236] 2026-4-28   4330 msgs    462.1/s  (68707 emotes, 442314 words so far)
[ 75/236] 2026-4-27   5203 msgs    725.7/s  (70658 emotes, 454497 words so far)
[ 76/236] 2026-4-26      4 msgs      7.2/s  (70661 emotes, 454501 words so far)
[ 77/236] 2026-4-25   3752 msgs    622.7/s  (72256 emotes, 464148 words so far)
[ 78/236] 2026-4-24   3477 msgs    583.8/s  (73423 emotes, 473897 words so far)
[ 79/236] 2026-4-23      4 msgs      8.7/s  (73424 emotes, 473899 words so far)
[ 80/236] 2026-4-22   6086 msgs    668.3/s  (75250 emotes, 489979 words so far)
[ 81/236] 2026-4-21   4493 msgs    818.3/s  (76739 emotes, 501623 words so far)
[ 82/236] 2026-4-20   2894 msgs    653.3/s  (77857 emotes, 509318 words so far)
[ 83/236] 2026-4-18   3548 msgs    711.4/s  (80832 emotes, 520579 words so far)
[ 84/236] 2026-4-15   3609 msgs    633.4/s  (81950 emotes, 531069 words so far)
[ 85/236] 2026-4-14   3308 msgs    450.4/s  (83009 emotes, 539239 words so far)
[ 86/236] 2026-4-13   6528 msgs    406.5/s  (85105 emotes, 556497 words so far)
[ 87/236] 2026-4-11    117 msgs     47.7/s  (85106 emotes, 556795 words so far)
[ 88/236] 2026-4-10   5734 msgs    527.0/s  (86880 emotes, 571586 words so far)
[ 89/236] 2026-4-7      2 msgs      3.2/s  (86881 emotes, 571596 words so far)
[ 90/236] 2026-4-6   4148 msgs    397.8/s  (88175 emotes, 582907 words so far)
[ 91/236] 2026-4-3   3778 msgs    825.2/s  (89463 emotes, 591870 words so far)
[ 92/236] 2026-4-2     18 msgs     44.1/s  (89468 emotes, 591884 words so far)
[ 93/236] 2026-4-1   3883 msgs    630.7/s  (90679 emotes, 602196 words so far)
[ 94/236] 2026-3-31      2 msgs      3.3/s  (90680 emotes, 602199 words so far)
[ 95/236] 2026-3-30   2512 msgs    630.5/s  (91445 emotes, 608503 words so far)
[ 96/236] 2026-3-27   2843 msgs    742.2/s  (92444 emotes, 614738 words so far)
[ 97/236] 2026-3-25   4930 msgs    824.9/s  (94159 emotes, 626857 words so far)
[ 98/236] 2026-3-24      4 msgs      5.6/s  (94162 emotes, 626864 words so far)
[ 99/236] 2026-3-23   2228 msgs    566.9/s  (94882 emotes, 632092 words so far)
[100/236] 2026-3-22     17 msgs     33.6/s  (94886 emotes, 632100 words so far)
[101/236] 2026-3-21   1957 msgs    462.0/s  (95415 emotes, 636858 words so far)
[102/236] 2026-3-20   5634 msgs    943.0/s  (97398 emotes, 650707 words so far)
rate-limited (HTTP 500 Internal Server Error) on https://logs.zonian.dev/channel/jo2uke/2026/3/17?limit=1000&offset=1000&json; backing off
[103/236] 2026-3-17   6346 msgs    597.4/s  (99423 emotes, 666260 words so far)
rate-limited (HTTP 500 Internal Server Error) on https://logs.zonian.dev/channel/jo2uke/2026/3/16?limit=1000&offset=2000&json; backing off
[104/236] 2026-3-16   2829 msgs    578.6/s  (100289 emotes, 673048 words so far)
[105/236] 2026-3-14      1 msgs      1.6/s  (100290 emotes, 673049 words so far)
rate-limited (HTTP 500 Internal Server Error) on https://logs.zonian.dev/channel/jo2uke/2026/3/13?limit=1000&offset=1000&json; backing off
[106/236] 2026-3-13   4036 msgs    530.2/s  (101377 emotes, 684408 words so far)
[107/236] 2026-3-12      4 msgs     10.8/s  (101377 emotes, 684408 words so far)
[108/236] 2026-3-11    108 msgs    185.9/s  (101485 emotes, 684516 words so far)
rate-limited (HTTP 500 Internal Server Error) on https://logs.zonian.dev/channel/jo2uke/2026/3/9?limit=1000&offset=0&json; backing off
[109/236] 2026-3-9   3185 msgs    419.5/s  (102518 emotes, 690869 words so far)
[110/236] 2026-3-6   5449 msgs    921.7/s  (104755 emotes, 703398 words so far)
rate-limited (HTTP 500 Internal Server Error) on https://logs.zonian.dev/channel/jo2uke/2026/3/4?limit=1000&offset=1000&json; backing off
[111/236] 2026-3-4   4175 msgs    533.7/s  (106658 emotes, 713298 words so far)
[112/236] 2026-3-3   2950 msgs    598.5/s  (107554 emotes, 720297 words so far)
[113/236] 2026-3-2      3 msgs      5.6/s  (107554 emotes, 720298 words so far)
[114/236] 2026-3-1      3 msgs      5.9/s  (107555 emotes, 720298 words so far)
[115/236] 2026-2-28   2443 msgs    739.6/s  (108469 emotes, 725847 words so far)
[116/236] 2026-2-27   4491 msgs    814.8/s  (109805 emotes, 735948 words so far)
[117/236] 2026-2-26      2 msgs      2.0/s  (109805 emotes, 735952 words so far)
[118/236] 2026-2-25   4139 msgs    769.1/s  (111264 emotes, 746376 words so far)
[119/236] 2026-2-24      1 msgs      2.9/s  (111265 emotes, 746377 words so far)
[120/236] 2026-2-23      1 msgs      1.4/s  (111266 emotes, 746378 words so far)
[121/236] 2026-2-22      4 msgs     11.2/s  (111266 emotes, 746383 words so far)
[122/236] 2026-2-21      2 msgs      4.3/s  (111266 emotes, 746383 words so far)
rate-limited (HTTP 429 Too Many Requests) on https://logs.zonian.dev/channel/jo2uke/2026/2/20?limit=1000&offset=0&json; backing off
[123/236] 2026-2-20   4794 msgs    710.2/s  (113022 emotes, 757888 words so far)
[124/236] 2026-2-19      6 msgs     10.0/s  (113023 emotes, 757889 words so far)
[125/236] 2026-2-18   4550 msgs    643.1/s  (114292 emotes, 769169 words so far)
[126/236] 2026-2-17   4602 msgs    972.7/s  (115891 emotes, 779628 words so far)
[127/236] 2026-2-16      2 msgs      4.6/s  (115893 emotes, 779630 words so far)
[128/236] 2026-2-14      1 msgs      2.9/s  (115894 emotes, 779631 words so far)
[129/236] 2026-2-13     10 msgs     23.6/s  (115900 emotes, 779638 words so far)
rate-limited (HTTP 429 Too Many Requests) on https://logs.zonian.dev/channel/jo2uke/2026/2/12?limit=1000&offset=0&json; backing off
[130/236] 2026-2-12   4397 msgs    626.3/s  (117233 emotes, 789251 words so far)
[131/236] 2026-2-11    107 msgs    243.9/s  (117272 emotes, 789423 words so far)
rate-limited (HTTP 429 Too Many Requests) on https://logs.zonian.dev/channel/jo2uke/2026/2/10?limit=1000&offset=5000&json; backing off
[132/236] 2026-2-10   6102 msgs    713.5/s  (119621 emotes, 804724 words so far)
[133/236] 2026-2-9      2 msgs      2.8/s  (119623 emotes, 804726 words so far)
[134/236] 2026-2-8      7 msgs     15.9/s  (119624 emotes, 804736 words so far)
[135/236] 2026-2-6   3784 msgs    546.4/s  (121044 emotes, 813894 words so far)
[136/236] 2026-2-5      3 msgs      4.7/s  (121046 emotes, 813901 words so far)
[137/236] 2026-2-4   4020 msgs    680.7/s  (122455 emotes, 823647 words so far)
rate-limited (HTTP 500 Internal Server Error) on https://logs.zonian.dev/channel/jo2uke/2026/2/2?limit=1000&offset=0&json; backing off
[138/236] 2026-2-2   3879 msgs    627.0/s  (123890 emotes, 833274 words so far)
[139/236] 2026-2-1      1 msgs      3.0/s  (123891 emotes, 833275 words so far)
[140/236] 2026-1-31   2412 msgs    678.3/s  (124917 emotes, 839303 words so far)
[141/236] 2026-1-30   4315 msgs    708.5/s  (126241 emotes, 850255 words so far)
[142/236] 2026-1-28   4380 msgs    821.2/s  (127477 emotes, 861599 words so far)
[143/236] 2026-1-26      3 msgs      4.2/s  (127478 emotes, 861604 words so far)
[144/236] 2026-1-23   5263 msgs    781.4/s  (128909 emotes, 874616 words so far)
rate-limited (HTTP 429 Too Many Requests) on https://logs.zonian.dev/channel/jo2uke/2026/1/21?limit=1000&offset=5000&json; backing off
[145/236] 2026-1-21   6621 msgs    705.6/s  (132280 emotes, 891728 words so far)
[146/236] 2026-1-20   7268 msgs    944.2/s  (134811 emotes, 908435 words so far)
rate-limited (HTTP 429 Too Many Requests) on https://logs.zonian.dev/channel/jo2uke/2026/1/17?limit=1000&offset=3000&json; backing off
[147/236] 2026-1-17   3168 msgs    590.0/s  (135945 emotes, 915659 words so far)
rate-limited (HTTP 500 Internal Server Error) on https://logs.zonian.dev/channel/jo2uke/2026/1/16?limit=1000&offset=2000&json; backing off
[148/236] 2026-1-16   3534 msgs    553.3/s  (137347 emotes, 923894 words so far)
[149/236] 2026-1-14   3100 msgs    740.0/s  (138386 emotes, 932041 words so far)
[150/236] 2026-1-13   5000 msgs    739.3/s  (139991 emotes, 943917 words so far)
[151/236] 2026-1-12      5 msgs     13.5/s  (139992 emotes, 943918 words so far)
[152/236] 2026-1-11      2 msgs      4.1/s  (139993 emotes, 943919 words so far)
[153/236] 2026-1-10      3 msgs      4.6/s  (139994 emotes, 943920 words so far)
rate-limited (HTTP 429 Too Many Requests) on https://logs.zonian.dev/channel/jo2uke/2026/1/9?limit=1000&offset=4000&json; backing off
[154/236] 2026-1-9   4473 msgs    655.0/s  (141373 emotes, 954898 words so far)
[155/236] 2026-1-7   5221 msgs    750.4/s  (143320 emotes, 967862 words so far)
[156/236] 2026-1-6   4851 msgs    858.0/s  (144977 emotes, 981531 words so far)
[157/236] 2026-1-3   5765 msgs    855.0/s  (146900 emotes, 995940 words so far)
[158/236] 2025-12-30   3820 msgs    799.5/s  (148108 emotes, 1005410 words so far)
[159/236] 2025-12-29   5852 msgs    878.9/s  (150220 emotes, 1020987 words so far)
[160/236] 2025-12-27   6542 msgs    819.7/s  (152699 emotes, 1036702 words so far)
[161/236] 2025-12-24   1040 msgs    519.5/s  (153075 emotes, 1039344 words so far)
[162/236] 2025-12-23   5968 msgs    961.0/s  (158754 emotes, 1056287 words so far)
[163/236] 2025-12-22      1 msgs      2.7/s  (158755 emotes, 1056288 words so far)
rate-limited (HTTP 429 Too Many Requests) on https://logs.zonian.dev/channel/jo2uke/2025/12/20?limit=1000&offset=2000&json; backing off
[164/236] 2025-12-20   7104 msgs    787.7/s  (161545 emotes, 1073913 words so far)
[165/236] 2025-12-19   5049 msgs    707.4/s  (163069 emotes, 1086652 words so far)
[166/236] 2025-12-18      1 msgs      2.9/s  (163070 emotes, 1086654 words so far)
[167/236] 2025-12-17      2 msgs      4.3/s  (163072 emotes, 1086654 words so far)
[168/236] 2025-12-16   3990 msgs    652.3/s  (164422 emotes, 1097070 words so far)
[169/236] 2025-12-15      8 msgs     13.9/s  (164424 emotes, 1097072 words so far)
[170/236] 2025-12-14      1 msgs      2.5/s  (164425 emotes, 1097073 words so far)
[171/236] 2025-12-12   4312 msgs    775.5/s  (165722 emotes, 1108248 words so far)
rate-limited (HTTP 429 Too Many Requests) on https://logs.zonian.dev/channel/jo2uke/2025/12/9?limit=1000&offset=3000&json; backing off
[172/236] 2025-12-9   4719 msgs    659.9/s  (167356 emotes, 1120418 words so far)
[173/236] 2025-11-28      2 msgs      5.0/s  (167356 emotes, 1120418 words so far)
[174/236] 2025-11-21   6297 msgs    873.7/s  (168962 emotes, 1133391 words so far)
[175/236] 2025-11-20      4 msgs      9.8/s  (168962 emotes, 1133391 words so far)
rate-limited (HTTP 429 Too Many Requests) on https://logs.zonian.dev/channel/jo2uke/2025/11/19?limit=1000&offset=1000&json; backing off
[176/236] 2025-11-19   4087 msgs    627.4/s  (170310 emotes, 1142366 words so far)
[177/236] 2025-11-18   4427 msgs    874.7/s  (171651 emotes, 1152182 words so far)
rate-limited (HTTP 429 Too Many Requests) on https://logs.zonian.dev/channel/jo2uke/2025/11/17?limit=1000&offset=5000&json; backing off
[178/236] 2025-11-17   6268 msgs    715.2/s  (173557 emotes, 1167805 words so far)
[179/236] 2025-11-16      1 msgs      1.8/s  (173558 emotes, 1167806 words so far)
[180/236] 2025-11-14   3889 msgs    677.0/s  (174317 emotes, 1177283 words so far)
[181/236] 2025-11-13      2 msgs      4.6/s  (174319 emotes, 1177285 words so far)
[182/236] 2025-11-12   4004 msgs    835.5/s  (175403 emotes, 1187576 words so far)
[183/236] 2025-11-11     11 msgs     18.2/s  (175429 emotes, 1187606 words so far)
rate-limited (HTTP 429 Too Many Requests) on https://logs.zonian.dev/channel/jo2uke/2025/11/10?limit=1000&offset=0&json; backing off
[184/236] 2025-11-10   4810 msgs    335.2/s  (176839 emotes, 1200027 words so far)
[185/236] 2025-11-9      2 msgs      5.1/s  (176841 emotes, 1200029 words so far)
[186/236] 2025-11-8      2 msgs      2.9/s  (176841 emotes, 1200029 words so far)
[187/236] 2025-11-7   5049 msgs    509.7/s  (178525 emotes, 1212786 words so far)
[188/236] 2025-11-5   6358 msgs    888.6/s  (180561 emotes, 1229855 words so far)
[189/236] 2025-11-4   2761 msgs    654.8/s  (181259 emotes, 1237607 words so far)
[190/236] 2025-11-3   4184 msgs    671.2/s  (182468 emotes, 1249762 words so far)
[191/236] 2025-10-31   2377 msgs    496.0/s  (183520 emotes, 1256135 words so far)
[192/236] 2025-10-29   3789 msgs    859.7/s  (184832 emotes, 1265618 words so far)
[193/236] 2025-10-27   4487 msgs    425.9/s  (185954 emotes, 1277504 words so far)
[194/236] 2025-10-26      1 msgs      1.5/s  (185955 emotes, 1277505 words so far)
[195/236] 2025-10-24   4510 msgs    286.8/s  (187653 emotes, 1287787 words so far)
[196/236] 2025-10-22   6414 msgs    725.6/s  (190543 emotes, 1304411 words so far)
[197/236] 2025-10-20   5327 msgs    759.5/s  (192998 emotes, 1317859 words so far)
[198/236] 2025-10-18      3 msgs      6.9/s  (193001 emotes, 1317862 words so far)
[199/236] 2025-10-17   4281 msgs    715.6/s  (194590 emotes, 1328873 words so far)
[200/236] 2025-10-16   3293 msgs    761.4/s  (195761 emotes, 1337345 words so far)
[201/236] 2025-10-15   5466 msgs    847.3/s  (197987 emotes, 1352687 words so far)
[202/236] 2025-10-14      2 msgs      5.0/s  (197989 emotes, 1352691 words so far)
[203/236] 2025-10-13      2 msgs      2.4/s  (197991 emotes, 1352693 words so far)
rate-limited (HTTP 429 Too Many Requests) on https://logs.zonian.dev/channel/jo2uke/2025/10/10?limit=1000&offset=3000&json; backing off
[204/236] 2025-10-10   4348 msgs    577.2/s  (199951 emotes, 1363383 words so far)
[205/236] 2025-10-9   3552 msgs    804.9/s  (201252 emotes, 1372092 words so far)
[206/236] 2025-10-6   3551 msgs    856.3/s  (202351 emotes, 1381098 words so far)
[207/236] 2025-10-3   3590 msgs    929.0/s  (203786 emotes, 1389447 words so far)
rate-limited (HTTP 429 Too Many Requests) on https://logs.zonian.dev/channel/jo2uke/2025/10/1?limit=1000&offset=3000&json; backing off
[208/236] 2025-10-1   3823 msgs    666.3/s  (205074 emotes, 1399493 words so far)
[209/236] 2025-9-30   5703 msgs    815.6/s  (207148 emotes, 1413185 words so far)
[210/236] 2025-9-29     10 msgs     28.3/s  (207175 emotes, 1413298 words so far)
[211/236] 2025-9-22     10 msgs     21.2/s  (207183 emotes, 1413320 words so far)
[212/236] 2025-9-20      2 msgs      4.5/s  (207185 emotes, 1413322 words so far)
[213/236] 2025-9-18   3249 msgs    715.7/s  (208435 emotes, 1421178 words so far)
rate-limited (HTTP 429 Too Many Requests) on https://logs.zonian.dev/channel/jo2uke/2025/9/17?limit=1000&offset=3000&json; backing off
[214/236] 2025-9-17   3840 msgs    598.0/s  (209945 emotes, 1430080 words so far)
[215/236] 2025-9-16      1 msgs      2.3/s  (209946 emotes, 1430081 words so far)
[216/236] 2025-9-15   5781 msgs    873.7/s  (211909 emotes, 1444199 words so far)
[217/236] 2025-9-14      1 msgs      2.6/s  (211910 emotes, 1444201 words so far)
[218/236] 2025-9-13      5 msgs     13.1/s  (211911 emotes, 1444205 words so far)
rate-limited (HTTP 429 Too Many Requests) on https://logs.zonian.dev/channel/jo2uke/2025/9/12?limit=1000&offset=1000&json; backing off
[219/236] 2025-9-12   4718 msgs    493.7/s  (213655 emotes, 1456125 words so far)
[220/236] 2025-9-11      4 msgs     10.0/s  (213657 emotes, 1456130 words so far)
[221/236] 2025-9-10   4341 msgs    761.3/s  (214982 emotes, 1468022 words so far)
[222/236] 2025-9-9   5358 msgs    660.9/s  (217575 emotes, 1482094 words so far)
[223/236] 2025-9-8   4552 msgs    805.4/s  (219161 emotes, 1493424 words so far)
[224/236] 2025-9-7      1 msgs      2.9/s  (219163 emotes, 1493426 words so far)
[225/236] 2025-9-6     11 msgs     18.7/s  (219171 emotes, 1493434 words so far)
rate-limited (HTTP 429 Too Many Requests) on https://logs.zonian.dev/channel/jo2uke/2025/9/5?limit=1000&offset=4000&json; backing off
[226/236] 2025-9-5   5798 msgs    692.7/s  (221244 emotes, 1508465 words so far)
[227/236] 2025-9-4     20 msgs     39.3/s  (221248 emotes, 1508492 words so far)
[228/236] 2025-9-3   4528 msgs    785.4/s  (222808 emotes, 1519627 words so far)
[229/236] 2025-9-2   4307 msgs    787.3/s  (223868 emotes, 1529442 words so far)
[230/236] 2025-9-1   4833 msgs    832.9/s  (225369 emotes, 1540941 words so far)
[231/236] 2025-8-30      1 msgs      2.4/s  (225369 emotes, 1540941 words so far)
[232/236] 2025-8-29   4091 msgs    761.1/s  (226522 emotes, 1551432 words so far)
[233/236] 2025-8-28      4 msgs     10.1/s  (226526 emotes, 1551441 words so far)
[234/236] 2025-8-27   4570 msgs    800.5/s  (227825 emotes, 1563697 words so far)
[235/236] 2025-8-26   2492 msgs    491.4/s  (228522 emotes, 1570129 words so far)
[236/236] 2025-8-25   3106 msgs    755.9/s  (229490 emotes, 1578216 words so far)
Done: 590860 messages, 229490 emote uses, 1578216 word uses across 236 days
